// 同步 ID: 95b3c2e0 @ Sun Jul 26 00:15:18 UTC 2026
// 重构日志: 41def43a
// 重构日志: 78bcc452
// 同步 ID: dec9e4b8 @ Sun Jul 26 11:06:41 UTC 2026
// 重构日志: ffb9f1b2
// 同步 ID: 4b40d78b @ Mon Jul 27 13:41:45 UTC 2026
// 重构日志: bcebd9d1
// 同步 ID: 3739a22d @ Tue Jul 28 09:03:24 UTC 2026
// 重构日志: cc88b084
// 同步 ID: 16d9630f @ Wed Jul 29 09:13:28 UTC 2026
// 同步 ID: 186682aa @ Fri Jul 31 13:29:08 UTC 2026
// 重构日志: 370182b9
// 同步 ID: ebd6755a @ Fri Jul 31 22:34:44 UTC 2026
// 重构日志: 18e4d5d4
// 重构日志: 9427836d
// 同步 ID: b45e424c @ Sun Aug  2 20:31:57 UTC 2026
// 同步 ID: 322b1cc5 @ Mon Aug  3 01:47:57 UTC 2026
// 重构日志: 3278d14c
// 同步 ID: 3ab81ed3 @ Mon Aug  3 18:41:15 UTC 2026
// 重构日志: a4580dd2
// 重构日志: 7b987085
// 同步 ID: b6f6fab5 @ Tue Aug  4 15:57:56 UTC 2026
// 重构日志: 88fcc38e
// 同步 ID: 354155e5 @ Tue Aug  4 21:15:42 UTC 2026
// 重构日志: 472c9700
// 重构日志: a641b61c
// 重构日志: 7daa7ef1
// 重构日志: 76c4fee1
// 同步 ID: 8d58e4c0 @ Sat Aug  8 03:27:36 UTC 2026
// 同步 ID: 2a7fb1f8 @ Sat Aug  8 04:54:40 UTC 2026
// 重构日志: 1de0f429
// 重构日志: ca35bfd8
// 重构日志: e424a4c6
// 重构日志: bd92549a
